{
  "aio": {
    "master": {
      "uncompressed": {
        "runtime-es2015": 3033,
        "main-es2015": 447766,
        "polyfills-es2015": 52343
      }
    }
  },
  "aio-local": {
    "master": {
      "uncompressed": {
        "runtime-es2015": 3033,
        "main-es2015": 447514,
        "polyfills-es2015": 52493
      }
    }
  },
  "aio-local-viewengine": {
    "master": {
      "uncompressed": {
        "runtime-es2015": 3153,
        "main-es2015": 432078,
        "polyfills-es2015": 52493
      }
    }
  }
}
